// Jest Snapshot v1, https://goo.gl/fbAQLP

exports[`snapshots snapshot of expenses 1`] = `
<DocumentFragment>
  <div>
    <h3>
      Household Montly Expenses
    </h3>
    <div
      class="form-row"
    >
      <input
        autocomplete="off"
        class="form-control"
        id="title"
        name="title"
        placeholder="Expense Title"
        type="text"
      />
      <input
        autocomplete="off"
        class="form-control"
        id="expense"
        name="expense"
        placeholder="0.00"
        step="0.01"
        type="number"
      />
      <button
        class="add-expenses btn btn-primary"
        type="button"
      >
        Add
      </button>
    </div>
    <div
      class="expense-outer hide-scroll"
    />
  </div>
</DocumentFragment>
`;
