// Jest Snapshot v1, https://goo.gl/fbAQLP

exports[`snapshots snapshot of savings 1`] = `
<DocumentFragment>
  <div>
    <div
      class="title-row"
    >
      <h3>
        Savings Calculation
      </h3>
      <span>
        <p>
          % you want to save
        </p>
        <select
          autocomplete="off"
          class="form-select"
          id="percentage"
          name="percentage"
        >
          <option
            disabled=""
            selected=""
          >
            -
          </option>
          <option
            value="5"
          >
            5%
          </option>
          <option
            value="10"
          >
            10%
          </option>
          <option
            value="15"
          >
            15%
          </option>
          <option
            value="20"
          >
            20%
          </option>
        </select>
      </span>
    </div>
    <div
      class="scroll-row hide-scroll"
    />
  </div>
</DocumentFragment>
`;
